[dotenv@17.3.1] injecting env (4) from .env.local -- tip: ΓÜÖ∩╕Å  write to custom object with { processEnv: myObject }
--- RAG Pipeline Test ---
Query: "What is kidnapping?"
Generating embedding...
Embedding generated.
Searching database...
node.exe : Test Failed: 
structure of query does 
not match function result 
type
At line:1 char:1
+ & "C:\nvm4w\nodejs/node.
exe" "C:\Users\aiman\AppDa
ta\Roaming\npm/node ...
+ ~~~~~~~~~~~~~~~~~~~~~~~~
~~~~~~~~~~~~~~~~~~~~~~~~~~
~~~~~~~~~~~~~~~~~~~
    + CategoryInfo        
      : NotSpe    cified: 
(Test Fa    iled: 
st...ion r    esult 
type:Strin    g) [], 
RemoteExc    eption
    + FullyQualified    
ErrorId : Native    
CommandError
 
